<?php return array (
  'foo' =>
  array (
    'bar' => 'baz',
  ),
);
